<?xml version="1.0" encoding="UTF-8"?>
<testsuites name="jest tests" tests="3" failures="0" time="12.486">
  <testsuite name="src\App.test.js" errors="0" failures="0" skipped="0" timestamp="2021-05-17T00:06:34" time="6.214" tests="3">
    <testcase classname="-renders without crashing" name="-renders without crashing" time="0.06">
    </testcase>
    <testcase classname="Addition-knows that 2 and 2 make 4" name="Addition-knows that 2 and 2 make 4" time="0.003">
    </testcase>
    <testcase classname="-renders welcome message" name="-renders welcome message" time="0.044">
    </testcase>
  </testsuite>
</testsuites>